// Jest Snapshot v1, https://goo.gl/fbAQLP

exports[`SendEthContainer should render correctly in "debug" mode 1`] = `ShallowWrapper {}`;

exports[`render props and function calls renders with the passed props 1`] = `"<div class=\\"send-eth-component\\"><header class=\\"send-eth-component_header\\"><span class=\\"send-eth-component_icon\\"><i class=\\"fa fa-bars\\" style=\\"color:white;cursor:pointer\\"></i></span></header><div class=\\"send-eth-component_main-content\\"><div class=\\"send-eth-component_sub-content1\\"><div class=\\"send-eth-component_sub-content1-user-address\\"><label for=\\"userAddress\\">User Address:</label><input type=\\"text\\" id=\\"userAddress\\" style=\\"border:0px;text-overflow:ellipsis;width:50%;font-family:inherit;font-size:inherit\\" value=\\"0x123\\"/></div><div class=\\"send-eth-component_sub-content1-account-balance\\"><p>Account Balance: </p><p>100</p></div><a class=\\"send-eth-component_sub-content1-link\\" href=\\"https://rinkeby.etherscan.io/address/0x123\\" target=\\"_blank\\" rel=\\"noopener noreferrer\\">View account on Etherscan</a></div><div class=\\"send-eth-component_sub-content2\\"><div class=\\"send-eth-component_sub-content2-send-to-friend\\"><p>Send to friend</p></div><div class=\\"send-eth-component_sub-content2-ether\\"><input type=\\"text\\" id=\\"ether\\" value=\\"1\\" style=\\"width:NaNch\\"/><label for=\\"ether\\">Ether</label></div></div></div><footer class=\\"send-eth-component_footer\\"><span>Send</span></footer></div>"`;
